<html>
<body>
<pre>
<h1>µVision Build Log</h1>
<h2>Tool Versions:</h2>
IDE-Version: ¶ÃVision V5.30.0.0
Copyright (C) 2020 ARM Ltd and ARM Germany GmbH. All rights reserved.
License Information: r Gregory, g, LIC=TIVNN-YTMS8-631MB-22RRU-8GH9I-2575H
 
Tool Versions:
Toolchain:       MDK-ARM Plus  Version: 5.30.0.0
Toolchain Path:  D:\Keil\ARM\ARMCC\Bin
C Compiler:      Armcc.exe V5.06 update 6 (build 750)
Assembler:       Armasm.exe V5.06 update 6 (build 750)
Linker/Locator:  ArmLink.exe V5.06 update 6 (build 750)
Library Manager: ArmAr.exe V5.06 update 6 (build 750)
Hex Converter:   FromElf.exe V5.06 update 6 (build 750)
CPU DLL:         SARMCM3.DLL V5.30.0.0
Dialog DLL:      DCM.DLL V1.17.3.0
Target DLL:      Segger\JL2CM3.dll V2.99.38.0
Dialog DLL:      TCM.DLL V1.42.0.0
 
<h2>Project:</h2>
E:\Git Local Repository\STM32AndESP8266\ESP8266andSTM32\esp8266\project\ESP8266.uvprojx
Project File Date:  02/26/2021

<h2>Output:</h2>
*** Using Compiler 'V5.06 update 6 (build 750)', folder: 'D:\Keil\ARM\ARMCC\Bin'
Rebuild target 'SX127xDriver'
assembling startup_stm32f10x_md.s...
compiling core_cm3.c...
compiling stm32f10x_it.c...
compiling system_stm32f10x.c...
compiling main.c...
..\device\inc\mqtt.h(12): warning:  #47-D: incompatible redefinition of macro "User_ESP8266_PWD"  (declared at line 11 of "..\device\inc\tcp.h")
  #define User_ESP8266_PWD      "1xxxxx"      //wifi√‹¬Î
..\main\main.c: 1 warning, 0 errors
compiling stm32f10x_rcc.c...
compiling misc.c...
compiling delay.c...
compiling stm32f10x_gpio.c...
compiling stm32f10x_usart.c...
compiling mqtt.c...
compiling tcp.c...
..\device\inc\mqtt.h(12): warning:  #47-D: incompatible redefinition of macro "User_ESP8266_PWD"  (declared at line 11 of "..\device\inc\tcp.h")
  #define User_ESP8266_PWD      "1xxxxx"      //wifi√‹¬Î
..\device\src\tcp.c: 1 warning, 0 errors
compiling usart.c...
..\device\inc\mqtt.h(12): warning:  #47-D: incompatible redefinition of macro "User_ESP8266_PWD"  (declared at line 11 of "..\device\inc\tcp.h")
  #define User_ESP8266_PWD      "1xxxxx"      //wifi√‹¬Î
..\device\src\usart.c: 1 warning, 0 errors
compiling esp8266.c...
..\device\inc\mqtt.h(12): warning:  #47-D: incompatible redefinition of macro "User_ESP8266_PWD"  (declared at line 11 of "..\device\inc\tcp.h")
  #define User_ESP8266_PWD      "1xxxxx"      //wifi√‹¬Î
..\device\src\esp8266.c: 1 warning, 0 errors
linking...
Program Size: Code=5684 RO-data=268 RW-data=68 ZI-data=2660  
FromELF: creating hex file...
".\Objects\esp8266.axf" - 0 Error(s), 4 Warning(s).

<h2>Software Packages used:</h2>

Package Vendor: Keil
                http://www.keil.com/pack/Keil.STM32F1xx_DFP.2.3.0.pack
                Keil.STM32F1xx_DFP.2.3.0
                STMicroelectronics STM32F1 Series Device Support, Drivers and Examples

<h2>Collection of Component include folders:</h2>
  .\RTE\_SX127xDriver
  D:\Keil\ARM\PACK\Keil\STM32F1xx_DFP\2.3.0\Device\Include

<h2>Collection of Component Files used:</h2>
Build Time Elapsed:  00:00:04
</pre>
</body>
</html>
